Error processing image ./buttons\Heartland_Village_6440_81.gif: Image size (4952719866 pixels) exceeds limit of 2000000000 pixels, could be decompression bomb DOS attack.
Error processing image ./buttons\SouthBeach_Surf_9574_62.gif: index out of range
Error processing image ./buttons\EnchantedForest_8012_barnflip.gif: index out of range
Error processing image ./buttons\TelevisionCity_Network_9998_8x6_anim.gif: index out of range
Error processing image ./buttons\Eureka_Plaza_3947_ie_anima.gif: unpack_from requires a buffer of at least 4 bytes for unpacking 2 bytes at offset 2 (actual buffer size is 3)
Error processing image ./buttons\laboronita01_extras_botonshiric.gif: index out of range
Error processing image ./buttons\SiliconValley_Lakes_7953_pics_davesvgc.gif: tile cannot extend outside image
Error processing image ./buttons\SiliconValley_Network_3210_realau.gif: tile cannot extend outside image
Error processing image ./buttons\SiliconValley_Network_7571_download_ru.gif: tile cannot extend outside image
Error processing image ./buttons\SiliconValley_Network_9119_links_max11.gif: images do not match
Error processing image ./buttons\Tokyo_2829_cat.gif: index out of range
Error processing image ./buttons\Athens_Acropolis_6458_images_aw_icon.gif: index out of range
Error processing image ./buttons\Paris_Rue_6620_nhawk_newcres.gif: unpack_from requires a buffer of at least 2 bytes for unpacking 2 bytes at offset 0 (actual buffer size is 0)
Error processing image ./buttons\SiliconValley_Drive_1490_zeet.gif: tile cannot extend outside image
Error processing image ./buttons\SunsetStrip_Venue_6582_real.gif: tile cannot extend outside image
Error processing image ./buttons\CapeCanaveral_Orbit_1133_gmicon.gif: Image size (2904031580 pixels) exceeds limit of 2000000000 pixels, could be decompression bomb DOS attack.
Processed folder './buttons' and saved output to 'image_values.csv'.
